warning: invariant boolean expression
   ╭─[line:6:5]
   │
 6 │     3 of them
   │     ─────┬────  
   │          ╰────── this expression is always false
   │ 
   │ Note: the expression requires 3 matching patterns out of 2
───╯
