warning: duplicate import statement
   ╭─[line:1:41]
   │
 1 │ import "test_proto2"import "test_proto3"import "test_proto2"
   │ ──────────┬─────────                    ──────────┬─────────  
   │           ╰─────────────────────────────────────────────────── `test_proto2` imported here for the first time
   │                                                   │           
   │                                                   ╰─────────── duplicate import
───╯
warning: duplicate import statement
   ╭─[line:2:1]
   │
 1 │ import "test_proto2"import "test_proto3"import "test_proto2"
   │ ──────────┬─────────  
   │           ╰─────────── `test_proto2` imported here for the first time
 2 │ import "test_proto2"
   │ ──────────┬─────────  
   │           ╰─────────── duplicate import
───╯
