warning: non-boolean expression used as boolean
   ╭─[line:2:14]
   │
 2 │   condition: 0
   │              ┬  
   │              ╰── this expression is `integer` but is being used as `bool`
   │ 
   │ Note: non-zero integers are considered `true`, while zero is `false`
───╯
