warning[invariant_expr]: invariant boolean expression
 --> line:3:5
  |
3 |     true or false
  |     ------------- this expression is always true
  |
  = note: rule `test` is always `true`
