error: number out of range
 --> line:3:4
  |
3 |    9223372036854775807 + 1000000000 == 0
  |    ^^^^^^^^^^^^^^^^^^^^^^^^^^^^^^^^ this number is out of the allowed range [-9223372036854775808-9223372036854775807]
  |