error: no matching patterns
   ╭─[line:3:13]
   │
 3 │     all of ($a*)
   │             ─┬─  
   │              ╰─── there's no pattern in this set
   │ 
   │ Note: `$a*` doesn't match any pattern identifier
───╯
