error: syntax error
   ╭─[line:1:46]
   │
 1 │ import "test_proto2"import "test_proto3"rule 1_foo { condition: true }
   │                                              │ 
   │                                              ╰─ expected identifier
───╯
