error: syntax error
   ╭─[line:1:52]
   │
 1 │ import "test_proto2"import "test_proto3"rule test {}
   │                                                    │ 
   │                                                    ╰─ expected `condition`, `meta`, or `strings`
───╯
