error: syntax error
   ╭─[line:1:59]
   │
 1 │ import "test_proto2"import "test_proto3"rule test { meta: condition: true }
   │                                                           │ 
   │                                                           ╰─ expected identifier
───╯
