error: syntax error
   ╭─[line:1:53]
   │
 1 │ import "test_proto2"import "test_proto3"rule test : rule { condition: true }
   │                                                     │ 
   │                                                     ╰─ expected identifier
───╯
