error: syntax error
   ╭─[line:1:64]
   │
 1 │ import "test_proto2"import "test_proto3"rule test { condition: }
   │                                                                │ 
   │                                                                ╰─ expected boolean expression
───╯
