error: syntax error
   ╭─[line:1:49]
   │
 1 │ import "test_proto2"import "test_proto3"private foo rule test { condition: true }
   │                                                 │ 
   │                                                 ╰─ expected `global` or `rule`
───╯
