error: syntax error
   ╭─[line:1:68]
   │
 1 │ import "test_proto2"import "test_proto3"rule test { condition: 4 + }
   │                                                                    │ 
   │                                                                    ╰─ expected expression
───╯
