error: syntax error
   ╭─[line:1:68]
   │
 1 │ import "test_proto2"import "test_proto3"rule test { strings: $a = {} condition: true }
   │                                                                    │ 
   │                                                                    ╰─ unexpected closing brace `}`
───╯
